// Vitest Snapshot v1, https://vitest.dev/guide/snapshot.html

exports[`toUpperCase 1`] = `
"<div class="w-screen h-screen bg-neutral-950 flex items-center justify-center text-neutral-100">
  <div class="w-96 bg-neutral-800 p-4 rounded-lg">
    <!-- Your component go here -->
    <div class="bg-[#151515] p-4 rounded-lg w-[280px] h-[120px] m-auto">
      <div class="mb-4 flex justify-between items-center">
        <div class="text-[#AAAAAA]">Unit</div>
        <div class="flex w-[140px] h-[36px]"><button class="px-4 h-full w-50 flex justify-center items-center rounded-l-lg bg-[#424242] text-[#F9F9F9]"> % </button><button class="px-4 h-full w-50 flex justify-center items-center rounded-r-lg bg-[#212121] text-[#AAAAAA]"> px </button></div>
      </div>
      <div class="flex justify-between items-center">
        <div class="text-[#AAAAAA]">Value</div>
        <div class="relative flex items-center rounded-lg w-[140px] h-[36px] bg-[#212121]"><button class="px-3 h-full w-[36px] z-1 rounded-l-lg flex justify-center items-center text-[#F9F9F9] hover:bg-[#424242]"><span class="text-xl mb-1">âˆ’</span></button><input id="input-value" type="text" class="text-[#F9F9F9] text-center w-full outline-none z-1 bg-[#212121]"><button class="px-3 h-full w-[36px] z-1 rounded-r-lg flex justify-center items-center text-[#F9F9F9] hover:bg-[#424242]"><span class="text-xl mb-1">+</span></button><!-- Tooltip -->
          <div class="absolute w-fit top-0 opacity-0 transition-all ease-in-out duration-200 whitespace-nowrap z-0 mt-2 bg-[#212121] text-[#F9F9F9] text-sm px-3 py-1 rounded-lg opacity-0 top-0 right-[-55%]">
            <div class="absolute bottom-[-6px] left-1/2 h-[7px] w-[7px] rotate-45 bg-[#212121] -translate-x-1/2"></div>
          </div>
        </div>
      </div>
    </div>
  </div>
</div>"
`;
